   1               		.file	"USBTask.c"
   2               	__SREG__ = 0x3f
   3               	__SP_H__ = 0x3e
   4               	__SP_L__ = 0x3d
   5               	__CCP__  = 0x34
   6               	__tmp_reg__ = 0
   7               	__zero_reg__ = 1
   8               		.global __do_copy_data
   9               		.global __do_clear_bss
  17               	.Ltext0:
  18               		.section	.text.USB_USBTask,"ax",@progbits
  19               	.global	USB_USBTask
  21               	USB_USBTask:
  22               	.LFB88:
  23               	.LSM0:
  24 0000 1F93      		push r17
  25               	/* prologue: function */
  26               	/* frame size = 0 */
  27               	.LBB22:
  28               	.LBB23:
  29               	.LSM1:
  30 0002 8EB3      		in r24,62-32
  31 0004 8823      		tst r24
  32 0006 01F0      		breq .L4
  33               	.LBB24:
  34               	.LBB25:
  35               	.LBB26:
  36               	.LSM2:
  37 0008 1091 E900 		lds r17,233
  38               	.LBE26:
  39               	.LBE25:
  40               	.LBB28:
  41               	.LBB29:
  42               	.LSM3:
  43 000c 1092 E900 		sts 233,__zero_reg__
  44               	.LBE29:
  45               	.LBE28:
  46               	.LBB30:
  47               	.LBB31:
  48               	.LSM4:
  49 0010 8091 E800 		lds r24,232
  50               	.LBE31:
  51               	.LBE30:
  52               	.LSM5:
  53 0014 83FF      		sbrs r24,3
  54 0016 00C0      		rjmp .L3
  55               	.LSM6:
  56 0018 0E94 0000 		call USB_Device_ProcessControlRequest
  57               	.L3:
  58               	.LBB32:
  59               	.LBB27:
  60               	.LSM7:
  61 001c 1770      		andi r17,lo8(7)
  62               	.LBE27:
  63               	.LBE32:
  64               	.LBB33:
  65               	.LBB34:
  66               	.LSM8:
  67 001e 1093 E900 		sts 233,r17
  68               	.L4:
  69               	/* epilogue start */
  70               	.LBE34:
  71               	.LBE33:
  72               	.LBE24:
  73               	.LBE23:
  74               	.LBE22:
  75               	.LSM9:
  76 0022 1F91      		pop r17
  77 0024 0895      		ret
  78               	.LFE88:
  80               		.comm USB_IsInitialized,1,1
  81               		.comm USB_ControlRequest,8,1
 106               	.Letext0:
DEFINED SYMBOLS
                            *ABS*:00000000 USBTask.c
C:\Users\Ryan\AppData\Local\Temp/cc9qBekT.s:2      *ABS*:0000003f __SREG__
C:\Users\Ryan\AppData\Local\Temp/cc9qBekT.s:3      *ABS*:0000003e __SP_H__
C:\Users\Ryan\AppData\Local\Temp/cc9qBekT.s:4      *ABS*:0000003d __SP_L__
C:\Users\Ryan\AppData\Local\Temp/cc9qBekT.s:5      *ABS*:00000034 __CCP__
C:\Users\Ryan\AppData\Local\Temp/cc9qBekT.s:6      *ABS*:00000000 __tmp_reg__
C:\Users\Ryan\AppData\Local\Temp/cc9qBekT.s:7      *ABS*:00000001 __zero_reg__
C:\Users\Ryan\AppData\Local\Temp/cc9qBekT.s:21     .text.USB_USBTask:00000000 USB_USBTask
                            *COM*:00000001 USB_IsInitialized
                            *COM*:00000008 USB_ControlRequest

UNDEFINED SYMBOLS
__do_copy_data
__do_clear_bss
USB_Device_ProcessControlRequest
