Archive member included because of file (symbol)

/usr/local/Cellar/avr-gcc/4.7.2/lib/gcc/avr/4.7.2/avr5/libgcc.a(_exit.o)
                              /usr/local/Cellar/avr-gcc/4.7.2/lib/gcc/avr/4.7.2/../../../../avr/lib/avr5/crtm32u4.o (exit)
/usr/local/Cellar/avr-gcc/4.7.2/lib/gcc/avr/4.7.2/avr5/libgcc.a(_copy_data.o)
                              Caterina.o (__do_copy_data)
/usr/local/Cellar/avr-gcc/4.7.2/lib/gcc/avr/4.7.2/avr5/libgcc.a(_clear_bss.o)
                              Caterina.o (__do_clear_bss)
/usr/local/Cellar/avr-gcc/4.7.2/lib/gcc/avr/4.7.2/../../../../avr/lib/avr5/libc.a(eerd_byte_atmega32u4.o)
                              Caterina.o (__eerd_byte_m32u4)
/usr/local/Cellar/avr-gcc/4.7.2/lib/gcc/avr/4.7.2/../../../../avr/lib/avr5/libc.a(eeupd_byte_atmega32u4.o)
                              LUFA-111009/LUFA/Drivers/USB/Core/AVR8/EndpointStream_AVR8.o (__eeupd_byte_m32u4)
/usr/local/Cellar/avr-gcc/4.7.2/lib/gcc/avr/4.7.2/../../../../avr/lib/avr5/libc.a(eewr_byte_atmega32u4.o)
                              Caterina.o (__eewr_byte_m32u4)

Allocating common symbols
Common symbol       size              file

LLEDPulse           0x2               Caterina.o
USB_IsInitialized   0x1               LUFA-111009/LUFA/Drivers/USB/Core/USBTask.o
USB_Device_ConfigurationNumber
                    0x1               LUFA-111009/LUFA/Drivers/USB/Core/DeviceStandardReq.o
USB_ControlRequest  0x8               LUFA-111009/LUFA/Drivers/USB/Core/USBTask.o

Discarded input sections

 .bss           0x0000000000000000        0x0 /usr/local/Cellar/avr-gcc/4.7.2/lib/gcc/avr/4.7.2/../../../../avr/lib/avr5/crtm32u4.o
 .text          0x0000000000000000        0x0 Caterina.o
 .rodata        0x0000000000000000        0x2 Caterina.o
 .text          0x0000000000000000        0x0 Descriptors.o
 .bss           0x0000000000000000        0x0 Descriptors.o
 .text          0x0000000000000000        0x0 LUFA-111009/LUFA/Drivers/USB/Core/AVR8/Device_AVR8.o
 .bss           0x0000000000000000        0x0 LUFA-111009/LUFA/Drivers/USB/Core/AVR8/Device_AVR8.o
 .text.USB_Device_SendRemoteWakeup
                0x0000000000000000       0x2c LUFA-111009/LUFA/Drivers/USB/Core/AVR8/Device_AVR8.o
 .text          0x0000000000000000        0x0 LUFA-111009/LUFA/Drivers/USB/Core/AVR8/Endpoint_AVR8.o
 .bss           0x0000000000000000        0x0 LUFA-111009/LUFA/Drivers/USB/Core/AVR8/Endpoint_AVR8.o
 .text.Endpoint_ClearEndpoints
                0x0000000000000000       0x28 LUFA-111009/LUFA/Drivers/USB/Core/AVR8/Endpoint_AVR8.o
 .text.Endpoint_WaitUntilReady
                0x0000000000000000       0x62 LUFA-111009/LUFA/Drivers/USB/Core/AVR8/Endpoint_AVR8.o
 .text          0x0000000000000000        0x0 LUFA-111009/LUFA/Drivers/USB/Core/AVR8/Host_AVR8.o
 .bss           0x0000000000000000        0x0 LUFA-111009/LUFA/Drivers/USB/Core/AVR8/Host_AVR8.o
 .text          0x0000000000000000        0x0 LUFA-111009/LUFA/Drivers/USB/Core/AVR8/Pipe_AVR8.o
 .bss           0x0000000000000000        0x0 LUFA-111009/LUFA/Drivers/USB/Core/AVR8/Pipe_AVR8.o
 .text          0x0000000000000000        0x0 LUFA-111009/LUFA/Drivers/USB/Core/AVR8/USBController_AVR8.o
 .bss           0x0000000000000000        0x0 LUFA-111009/LUFA/Drivers/USB/Core/AVR8/USBController_AVR8.o
 .text.USB_Disable
                0x0000000000000000       0x34 LUFA-111009/LUFA/Drivers/USB/Core/AVR8/USBController_AVR8.o
 .text          0x0000000000000000        0x0 LUFA-111009/LUFA/Drivers/USB/Core/AVR8/USBInterrupt_AVR8.o
 .bss           0x0000000000000000        0x0 LUFA-111009/LUFA/Drivers/USB/Core/AVR8/USBInterrupt_AVR8.o
 .text          0x0000000000000000        0x0 LUFA-111009/LUFA/Drivers/USB/Core/AVR8/EndpointStream_AVR8.o
 .bss           0x0000000000000000        0x0 LUFA-111009/LUFA/Drivers/USB/Core/AVR8/EndpointStream_AVR8.o
 .text.Endpoint_Discard_Stream
                0x0000000000000000       0x8a LUFA-111009/LUFA/Drivers/USB/Core/AVR8/EndpointStream_AVR8.o
 .text.Endpoint_Null_Stream
                0x0000000000000000       0x8a LUFA-111009/LUFA/Drivers/USB/Core/AVR8/EndpointStream_AVR8.o
 .text.Endpoint_Write_Stream_LE
                0x0000000000000000       0xa2 LUFA-111009/LUFA/Drivers/USB/Core/AVR8/EndpointStream_AVR8.o
 .text.Endpoint_Write_Stream_BE
                0x0000000000000000       0xb0 LUFA-111009/LUFA/Drivers/USB/Core/AVR8/EndpointStream_AVR8.o
 .text.Endpoint_Read_Stream_LE
                0x0000000000000000       0xa2 LUFA-111009/LUFA/Drivers/USB/Core/AVR8/EndpointStream_AVR8.o
 .text.Endpoint_Read_Stream_BE
                0x0000000000000000       0xb0 LUFA-111009/LUFA/Drivers/USB/Core/AVR8/EndpointStream_AVR8.o
 .text.Endpoint_Write_PStream_LE
                0x0000000000000000       0xa6 LUFA-111009/LUFA/Drivers/USB/Core/AVR8/EndpointStream_AVR8.o
 .text.Endpoint_Write_PStream_BE
                0x0000000000000000       0xb2 LUFA-111009/LUFA/Drivers/USB/Core/AVR8/EndpointStream_AVR8.o
 .text.Endpoint_Write_EStream_LE
                0x0000000000000000       0xa8 LUFA-111009/LUFA/Drivers/USB/Core/AVR8/EndpointStream_AVR8.o
 .text.Endpoint_Write_EStream_BE
                0x0000000000000000       0xb4 LUFA-111009/LUFA/Drivers/USB/Core/AVR8/EndpointStream_AVR8.o
 .text.Endpoint_Read_EStream_LE
                0x0000000000000000       0xac LUFA-111009/LUFA/Drivers/USB/Core/AVR8/EndpointStream_AVR8.o
 .text.Endpoint_Read_EStream_BE
                0x0000000000000000       0xb4 LUFA-111009/LUFA/Drivers/USB/Core/AVR8/EndpointStream_AVR8.o
 .text.Endpoint_Write_Control_Stream_BE
                0x0000000000000000       0xc2 LUFA-111009/LUFA/Drivers/USB/Core/AVR8/EndpointStream_AVR8.o
 .text.Endpoint_Read_Control_Stream_BE
                0x0000000000000000       0x82 LUFA-111009/LUFA/Drivers/USB/Core/AVR8/EndpointStream_AVR8.o
 .text.Endpoint_Write_Control_PStream_LE
                0x0000000000000000       0xbc LUFA-111009/LUFA/Drivers/USB/Core/AVR8/EndpointStream_AVR8.o
 .text.Endpoint_Write_Control_PStream_BE
                0x0000000000000000       0xc2 LUFA-111009/LUFA/Drivers/USB/Core/AVR8/EndpointStream_AVR8.o
 .text.Endpoint_Write_Control_EStream_LE
                0x0000000000000000       0xee LUFA-111009/LUFA/Drivers/USB/Core/AVR8/EndpointStream_AVR8.o
 .text.Endpoint_Write_Control_EStream_BE
                0x0000000000000000       0xfe LUFA-111009/LUFA/Drivers/USB/Core/AVR8/EndpointStream_AVR8.o
 .text.Endpoint_Read_Control_EStream_LE
                0x0000000000000000       0xa0 LUFA-111009/LUFA/Drivers/USB/Core/AVR8/EndpointStream_AVR8.o
 .text.Endpoint_Read_Control_EStream_BE
                0x0000000000000000       0x9e LUFA-111009/LUFA/Drivers/USB/Core/AVR8/EndpointStream_AVR8.o
 .text          0x0000000000000000        0x0 LUFA-111009/LUFA/Drivers/USB/Core/AVR8/PipeStream_AVR8.o
 .bss           0x0000000000000000        0x0 LUFA-111009/LUFA/Drivers/USB/Core/AVR8/PipeStream_AVR8.o
 .text          0x0000000000000000        0x0 LUFA-111009/LUFA/Drivers/USB/Core/ConfigDescriptor.o
 .bss           0x0000000000000000        0x0 LUFA-111009/LUFA/Drivers/USB/Core/ConfigDescriptor.o
 .text.USB_GetNextDescriptor
                0x0000000000000000       0x38 LUFA-111009/LUFA/Drivers/USB/Core/ConfigDescriptor.o
 .text.USB_GetNextDescriptorOfType
                0x0000000000000000       0x4a LUFA-111009/LUFA/Drivers/USB/Core/ConfigDescriptor.o
 .text.USB_GetNextDescriptorOfTypeBefore
                0x0000000000000000       0x5c LUFA-111009/LUFA/Drivers/USB/Core/ConfigDescriptor.o
 .text.USB_GetNextDescriptorOfTypeAfter
                0x0000000000000000       0x3e LUFA-111009/LUFA/Drivers/USB/Core/ConfigDescriptor.o
 .text.USB_GetNextDescriptorComp
                0x0000000000000000       0x68 LUFA-111009/LUFA/Drivers/USB/Core/ConfigDescriptor.o
 .text          0x0000000000000000        0x0 LUFA-111009/LUFA/Drivers/USB/Core/DeviceStandardReq.o
 .bss           0x0000000000000000        0x0 LUFA-111009/LUFA/Drivers/USB/Core/DeviceStandardReq.o
 .text          0x0000000000000000        0x0 LUFA-111009/LUFA/Drivers/USB/Core/Events.o
 .bss           0x0000000000000000        0x0 LUFA-111009/LUFA/Drivers/USB/Core/Events.o
 .text          0x0000000000000000        0x0 LUFA-111009/LUFA/Drivers/USB/Core/HostStandardReq.o
 .bss           0x0000000000000000        0x0 LUFA-111009/LUFA/Drivers/USB/Core/HostStandardReq.o
 .text          0x0000000000000000        0x0 LUFA-111009/LUFA/Drivers/USB/Core/USBTask.o
 .bss           0x0000000000000000        0x0 LUFA-111009/LUFA/Drivers/USB/Core/USBTask.o
 .text          0x0000000000000000        0x0 LUFA-111009/LUFA/Drivers/USB/Class/Common/HIDParser.o
 .bss           0x0000000000000000        0x0 LUFA-111009/LUFA/Drivers/USB/Class/Common/HIDParser.o
 .text.USB_ProcessHIDReport
                0x0000000000000000      0x69a LUFA-111009/LUFA/Drivers/USB/Class/Common/HIDParser.o
 .text.USB_GetHIDReportItemInfo
                0x0000000000000000       0xbc LUFA-111009/LUFA/Drivers/USB/Class/Common/HIDParser.o
 .text.USB_SetHIDReportItemInfo
                0x0000000000000000       0xec LUFA-111009/LUFA/Drivers/USB/Class/Common/HIDParser.o
 .text.USB_GetHIDReportSize
                0x0000000000000000       0x60 LUFA-111009/LUFA/Drivers/USB/Class/Common/HIDParser.o
 .text          0x0000000000000000        0x0 /usr/local/Cellar/avr-gcc/4.7.2/lib/gcc/avr/4.7.2/avr5/libgcc.a(_exit.o)
 .bss           0x0000000000000000        0x0 /usr/local/Cellar/avr-gcc/4.7.2/lib/gcc/avr/4.7.2/avr5/libgcc.a(_exit.o)
 .text.libgcc.mul
                0x0000000000000000        0x0 /usr/local/Cellar/avr-gcc/4.7.2/lib/gcc/avr/4.7.2/avr5/libgcc.a(_exit.o)
 .text.libgcc.div
                0x0000000000000000        0x0 /usr/local/Cellar/avr-gcc/4.7.2/lib/gcc/avr/4.7.2/avr5/libgcc.a(_exit.o)
 .text.libgcc   0x0000000000000000        0x0 /usr/local/Cellar/avr-gcc/4.7.2/lib/gcc/avr/4.7.2/avr5/libgcc.a(_exit.o)
 .text.libgcc.prologue
                0x0000000000000000        0x0 /usr/local/Cellar/avr-gcc/4.7.2/lib/gcc/avr/4.7.2/avr5/libgcc.a(_exit.o)
 .text.libgcc.builtins
                0x0000000000000000        0x0 /usr/local/Cellar/avr-gcc/4.7.2/lib/gcc/avr/4.7.2/avr5/libgcc.a(_exit.o)
 .text.libgcc.fmul
                0x0000000000000000        0x0 /usr/local/Cellar/avr-gcc/4.7.2/lib/gcc/avr/4.7.2/avr5/libgcc.a(_exit.o)
 .text          0x0000000000000000        0x0 /usr/local/Cellar/avr-gcc/4.7.2/lib/gcc/avr/4.7.2/avr5/libgcc.a(_copy_data.o)
 .bss           0x0000000000000000        0x0 /usr/local/Cellar/avr-gcc/4.7.2/lib/gcc/avr/4.7.2/avr5/libgcc.a(_copy_data.o)
 .text.libgcc.mul
                0x0000000000000000        0x0 /usr/local/Cellar/avr-gcc/4.7.2/lib/gcc/avr/4.7.2/avr5/libgcc.a(_copy_data.o)
 .text.libgcc.div
                0x0000000000000000        0x0 /usr/local/Cellar/avr-gcc/4.7.2/lib/gcc/avr/4.7.2/avr5/libgcc.a(_copy_data.o)
 .text.libgcc   0x0000000000000000        0x0 /usr/local/Cellar/avr-gcc/4.7.2/lib/gcc/avr/4.7.2/avr5/libgcc.a(_copy_data.o)
 .text.libgcc.prologue
                0x0000000000000000        0x0 /usr/local/Cellar/avr-gcc/4.7.2/lib/gcc/avr/4.7.2/avr5/libgcc.a(_copy_data.o)
 .text.libgcc.builtins
                0x0000000000000000        0x0 /usr/local/Cellar/avr-gcc/4.7.2/lib/gcc/avr/4.7.2/avr5/libgcc.a(_copy_data.o)
 .text.libgcc.fmul
                0x0000000000000000        0x0 /usr/local/Cellar/avr-gcc/4.7.2/lib/gcc/avr/4.7.2/avr5/libgcc.a(_copy_data.o)
 .text          0x0000000000000000        0x0 /usr/local/Cellar/avr-gcc/4.7.2/lib/gcc/avr/4.7.2/avr5/libgcc.a(_clear_bss.o)
 .bss           0x0000000000000000        0x0 /usr/local/Cellar/avr-gcc/4.7.2/lib/gcc/avr/4.7.2/avr5/libgcc.a(_clear_bss.o)
 .text.libgcc.mul
                0x0000000000000000        0x0 /usr/local/Cellar/avr-gcc/4.7.2/lib/gcc/avr/4.7.2/avr5/libgcc.a(_clear_bss.o)
 .text.libgcc.div
                0x0000000000000000        0x0 /usr/local/Cellar/avr-gcc/4.7.2/lib/gcc/avr/4.7.2/avr5/libgcc.a(_clear_bss.o)
 .text.libgcc   0x0000000000000000        0x0 /usr/local/Cellar/avr-gcc/4.7.2/lib/gcc/avr/4.7.2/avr5/libgcc.a(_clear_bss.o)
 .text.libgcc.prologue
                0x0000000000000000        0x0 /usr/local/Cellar/avr-gcc/4.7.2/lib/gcc/avr/4.7.2/avr5/libgcc.a(_clear_bss.o)
 .text.libgcc.builtins
                0x0000000000000000        0x0 /usr/local/Cellar/avr-gcc/4.7.2/lib/gcc/avr/4.7.2/avr5/libgcc.a(_clear_bss.o)
 .text.libgcc.fmul
                0x0000000000000000        0x0 /usr/local/Cellar/avr-gcc/4.7.2/lib/gcc/avr/4.7.2/avr5/libgcc.a(_clear_bss.o)
 .text          0x0000000000000000        0x0 /usr/local/Cellar/avr-gcc/4.7.2/lib/gcc/avr/4.7.2/../../../../avr/lib/avr5/libc.a(eerd_byte_atmega32u4.o)
 .bss           0x0000000000000000        0x0 /usr/local/Cellar/avr-gcc/4.7.2/lib/gcc/avr/4.7.2/../../../../avr/lib/avr5/libc.a(eerd_byte_atmega32u4.o)
 .text          0x0000000000000000        0x0 /usr/local/Cellar/avr-gcc/4.7.2/lib/gcc/avr/4.7.2/../../../../avr/lib/avr5/libc.a(eeupd_byte_atmega32u4.o)
 .bss           0x0000000000000000        0x0 /usr/local/Cellar/avr-gcc/4.7.2/lib/gcc/avr/4.7.2/../../../../avr/lib/avr5/libc.a(eeupd_byte_atmega32u4.o)
 .text.avr-libc
                0x0000000000000000       0x24 /usr/local/Cellar/avr-gcc/4.7.2/lib/gcc/avr/4.7.2/../../../../avr/lib/avr5/libc.a(eeupd_byte_atmega32u4.o)
 .text          0x0000000000000000        0x0 /usr/local/Cellar/avr-gcc/4.7.2/lib/gcc/avr/4.7.2/../../../../avr/lib/avr5/libc.a(eewr_byte_atmega32u4.o)
 .bss           0x0000000000000000        0x0 /usr/local/Cellar/avr-gcc/4.7.2/lib/gcc/avr/4.7.2/../../../../avr/lib/avr5/libc.a(eewr_byte_atmega32u4.o)

Memory Configuration

Name             Origin             Length             Attributes
text             0x0000000000000000 0x0000000000020000 xr
data             0x0000000000800060 0x000000000000ffa0 rw !x
eeprom           0x0000000000810000 0x0000000000010000 rw !x
fuse             0x0000000000820000 0x0000000000000400 rw !x
lock             0x0000000000830000 0x0000000000000400 rw !x
signature        0x0000000000840000 0x0000000000000400 rw !x
*default*        0x0000000000000000 0xffffffffffffffff

Linker script and memory map

Address of section .data set to 0x800100
LOAD /usr/local/Cellar/avr-gcc/4.7.2/lib/gcc/avr/4.7.2/../../../../avr/lib/avr5/crtm32u4.o
LOAD Caterina.o
LOAD Descriptors.o
LOAD LUFA-111009/LUFA/Drivers/USB/Core/AVR8/Device_AVR8.o
LOAD LUFA-111009/LUFA/Drivers/USB/Core/AVR8/Endpoint_AVR8.o
LOAD LUFA-111009/LUFA/Drivers/USB/Core/AVR8/Host_AVR8.o
LOAD LUFA-111009/LUFA/Drivers/USB/Core/AVR8/Pipe_AVR8.o
LOAD LUFA-111009/LUFA/Drivers/USB/Core/AVR8/USBController_AVR8.o
LOAD LUFA-111009/LUFA/Drivers/USB/Core/AVR8/USBInterrupt_AVR8.o
LOAD LUFA-111009/LUFA/Drivers/USB/Core/AVR8/EndpointStream_AVR8.o
LOAD LUFA-111009/LUFA/Drivers/USB/Core/AVR8/PipeStream_AVR8.o
LOAD LUFA-111009/LUFA/Drivers/USB/Core/ConfigDescriptor.o
LOAD LUFA-111009/LUFA/Drivers/USB/Core/DeviceStandardReq.o
LOAD LUFA-111009/LUFA/Drivers/USB/Core/Events.o
LOAD LUFA-111009/LUFA/Drivers/USB/Core/HostStandardReq.o
LOAD LUFA-111009/LUFA/Drivers/USB/Core/USBTask.o
LOAD LUFA-111009/LUFA/Drivers/USB/Class/Common/HIDParser.o
Address of section .text set to 0x7000
LOAD /usr/local/Cellar/avr-gcc/4.7.2/lib/gcc/avr/4.7.2/../../../../avr/lib/avr5/libm.a
LOAD /usr/local/Cellar/avr-gcc/4.7.2/lib/gcc/avr/4.7.2/avr5/libgcc.a
LOAD /usr/local/Cellar/avr-gcc/4.7.2/lib/gcc/avr/4.7.2/../../../../avr/lib/avr5/libc.a
LOAD /usr/local/Cellar/avr-gcc/4.7.2/lib/gcc/avr/4.7.2/avr5/libgcc.a

.hash
 *(.hash)

.dynsym
 *(.dynsym)

.dynstr
 *(.dynstr)

.gnu.version
 *(.gnu.version)

.gnu.version_d
 *(.gnu.version_d)

.gnu.version_r
 *(.gnu.version_r)

.rel.init
 *(.rel.init)

.rela.init
 *(.rela.init)

.rel.text
 *(.rel.text)
 *(.rel.text.*)
 *(.rel.gnu.linkonce.t*)

.rela.text
 *(.rela.text)
 *(.rela.text.*)
 *(.rela.gnu.linkonce.t*)

.rel.fini
 *(.rel.fini)

.rela.fini
 *(.rela.fini)

.rel.rodata
 *(.rel.rodata)
 *(.rel.rodata.*)
 *(.rel.gnu.linkonce.r*)

.rela.rodata
 *(.rela.rodata)
 *(.rela.rodata.*)
 *(.rela.gnu.linkonce.r*)

.rel.data
 *(.rel.data)
 *(.rel.data.*)
 *(.rel.gnu.linkonce.d*)

.rela.data
 *(.rela.data)
 *(.rela.data.*)
 *(.rela.gnu.linkonce.d*)

.rel.ctors
 *(.rel.ctors)

.rela.ctors
 *(.rela.ctors)

.rel.dtors
 *(.rel.dtors)

.rela.dtors
 *(.rela.dtors)

.rel.got
 *(.rel.got)

.rela.got
 *(.rela.got)

.rel.bss
 *(.rel.bss)

.rela.bss
 *(.rela.bss)

.rel.plt
 *(.rel.plt)

.rela.plt
 *(.rela.plt)

.text           0x0000000000007000      0xede
 *(.vectors)
 .vectors       0x0000000000007000       0xac /usr/local/Cellar/avr-gcc/4.7.2/lib/gcc/avr/4.7.2/../../../../avr/lib/avr5/crtm32u4.o
                0x0000000000007000                __vectors
                0x0000000000007000                __vector_default
 *(.vectors)
 *(.progmem.gcc*)
 *(.progmem*)
                0x00000000000070ac                . = ALIGN (0x2)
                0x00000000000070ac                __trampolines_start = .
 *(.trampolines)
 .trampolines   0x00000000000070ac        0x0 linker stubs
 *(.trampolines*)
                0x00000000000070ac                __trampolines_end = .
 *(.jumptables)
 *(.jumptables*)
 *(.lowtext)
 *(.lowtext*)
                0x00000000000070ac                __ctors_start = .
 *(.ctors)
                0x00000000000070ac                __ctors_end = .
                0x00000000000070ac                __dtors_start = .
 *(.dtors)
                0x00000000000070ac                __dtors_end = .
 SORT(*)(.ctors)
 SORT(*)(.dtors)
 *(.init0)
 .init0         0x00000000000070ac        0x0 /usr/local/Cellar/avr-gcc/4.7.2/lib/gcc/avr/4.7.2/../../../../avr/lib/avr5/crtm32u4.o
                0x00000000000070ac                __init
 *(.init0)
 *(.init1)
 *(.init1)
 *(.init2)
 .init2         0x00000000000070ac        0xc /usr/local/Cellar/avr-gcc/4.7.2/lib/gcc/avr/4.7.2/../../../../avr/lib/avr5/crtm32u4.o
 *(.init2)
 *(.init3)
 *(.init3)
 *(.init4)
 .init4         0x00000000000070b8       0x16 /usr/local/Cellar/avr-gcc/4.7.2/lib/gcc/avr/4.7.2/avr5/libgcc.a(_copy_data.o)
                0x00000000000070b8                __do_copy_data
 .init4         0x00000000000070ce       0x10 /usr/local/Cellar/avr-gcc/4.7.2/lib/gcc/avr/4.7.2/avr5/libgcc.a(_clear_bss.o)
                0x00000000000070ce                __do_clear_bss
 *(.init4)
 *(.init5)
 *(.init5)
 *(.init6)
 *(.init6)
 *(.init7)
 *(.init7)
 *(.init8)
 *(.init8)
 *(.init9)
 .init9         0x00000000000070de        0x4 /usr/local/Cellar/avr-gcc/4.7.2/lib/gcc/avr/4.7.2/../../../../avr/lib/avr5/crtm32u4.o
 *(.init9)
 *(.text)
 .text          0x00000000000070e2        0x2 /usr/local/Cellar/avr-gcc/4.7.2/lib/gcc/avr/4.7.2/../../../../avr/lib/avr5/crtm32u4.o
                0x00000000000070e2                __vector_42
                0x00000000000070e2                __vector_22
                0x00000000000070e2                __vector_28
                0x00000000000070e2                __vector_1
                0x00000000000070e2                __vector_32
                0x00000000000070e2                __vector_34
                0x00000000000070e2                __vector_24
                0x00000000000070e2                __vector_12
                0x00000000000070e2                __bad_interrupt
                0x00000000000070e2                __vector_6
                0x00000000000070e2                __vector_31
                0x00000000000070e2                __vector_35
                0x00000000000070e2                __vector_39
                0x00000000000070e2                __vector_3
                0x00000000000070e2                __vector_23
                0x00000000000070e2                __vector_30
                0x00000000000070e2                __vector_25
                0x00000000000070e2                __vector_11
                0x00000000000070e2                __vector_13
                0x00000000000070e2                __vector_19
                0x00000000000070e2                __vector_7
                0x00000000000070e2                __vector_41
                0x00000000000070e2                __vector_27
                0x00000000000070e2                __vector_5
                0x00000000000070e2                __vector_33
                0x00000000000070e2                __vector_37
                0x00000000000070e2                __vector_4
                0x00000000000070e2                __vector_9
                0x00000000000070e2                __vector_2
                0x00000000000070e2                __vector_21
                0x00000000000070e2                __vector_15
                0x00000000000070e2                __vector_36
                0x00000000000070e2                __vector_29
                0x00000000000070e2                __vector_40
                0x00000000000070e2                __vector_8
                0x00000000000070e2                __vector_26
                0x00000000000070e2                __vector_14
                0x00000000000070e2                __vector_16
                0x00000000000070e2                __vector_18
                0x00000000000070e2                __vector_20
                0x00000000000070e2                __vector_38
                0x00000000000070e4                . = ALIGN (0x2)
 *(.text.*)
 .text.FetchNextCommandByte
                0x00000000000070e4       0x34 Caterina.o
 .text.WriteNextResponseByte
                0x0000000000007118       0x40 Caterina.o
 .text.StartSketch
                0x0000000000007158       0x24 Caterina.o
                0x0000000000007158                StartSketch
 .text.LEDPulse
                0x000000000000717c       0x2c Caterina.o
                0x000000000000717c                LEDPulse
 .text.SetupHardware
                0x00000000000071a8       0x5a Caterina.o
                0x00000000000071a8                SetupHardware
 .text.__vector_17
                0x0000000000007202       0x86 Caterina.o
                0x0000000000007202                __vector_17
 .text.EVENT_USB_Device_ConfigurationChanged
                0x0000000000007288       0x18 Caterina.o
                0x0000000000007288                EVENT_USB_Device_ConfigurationChanged
 .text.EVENT_USB_Device_ControlRequest
                0x00000000000072a0       0x5c Caterina.o
                0x00000000000072a0                EVENT_USB_Device_ControlRequest
 .text.CDC_Task
                0x00000000000072fc      0x4aa Caterina.o
                0x00000000000072fc                CDC_Task
 .text.startup.main
                0x00000000000077a6       0x9c Caterina.o
                0x00000000000077a6                main
 .text.CALLBACK_USB_GetDescriptor
                0x0000000000007842       0x6a Descriptors.o
                0x0000000000007842                CALLBACK_USB_GetDescriptor
 .text.Endpoint_ConfigureEndpoint_Prv
                0x00000000000078ac       0x26 LUFA-111009/LUFA/Drivers/USB/Core/AVR8/Endpoint_AVR8.o
                0x00000000000078ac                Endpoint_ConfigureEndpoint_Prv
 .text.Endpoint_ClearStatusStage
                0x00000000000078d2       0x3e LUFA-111009/LUFA/Drivers/USB/Core/AVR8/Endpoint_AVR8.o
                0x00000000000078d2                Endpoint_ClearStatusStage
 .text.USB_ResetInterface
                0x0000000000007910       0x76 LUFA-111009/LUFA/Drivers/USB/Core/AVR8/USBController_AVR8.o
                0x0000000000007910                USB_ResetInterface
 .text.USB_Init
                0x0000000000007986       0x16 LUFA-111009/LUFA/Drivers/USB/Core/AVR8/USBController_AVR8.o
                0x0000000000007986                USB_Init
 .text.USB_INT_DisableAllInterrupts
                0x000000000000799c       0x10 LUFA-111009/LUFA/Drivers/USB/Core/AVR8/USBInterrupt_AVR8.o
                0x000000000000799c                USB_INT_DisableAllInterrupts
 .text.USB_INT_ClearAllInterrupts
                0x00000000000079ac        0xa LUFA-111009/LUFA/Drivers/USB/Core/AVR8/USBInterrupt_AVR8.o
                0x00000000000079ac                USB_INT_ClearAllInterrupts
 .text.__vector_10
                0x00000000000079b6      0x162 LUFA-111009/LUFA/Drivers/USB/Core/AVR8/USBInterrupt_AVR8.o
                0x00000000000079b6                __vector_10
 .text.Endpoint_Write_Control_Stream_LE
                0x0000000000007b18       0xba LUFA-111009/LUFA/Drivers/USB/Core/AVR8/EndpointStream_AVR8.o
                0x0000000000007b18                Endpoint_Write_Control_Stream_LE
 .text.Endpoint_Read_Control_Stream_LE
                0x0000000000007bd2       0x8a LUFA-111009/LUFA/Drivers/USB/Core/AVR8/EndpointStream_AVR8.o
                0x0000000000007bd2                Endpoint_Read_Control_Stream_LE
 .text.USB_Device_ProcessControlRequest
                0x0000000000007c5c      0x22e LUFA-111009/LUFA/Drivers/USB/Core/DeviceStandardReq.o
                0x0000000000007c5c                USB_Device_ProcessControlRequest
 .text.USB_Event_Stub
                0x0000000000007e8a        0x2 LUFA-111009/LUFA/Drivers/USB/Core/Events.o
                0x0000000000007e8a                EVENT_USB_Device_Suspend
                0x0000000000007e8a                EVENT_USB_Device_WakeUp
                0x0000000000007e8a                USB_Event_Stub
                0x0000000000007e8a                EVENT_USB_Device_Connect
                0x0000000000007e8a                EVENT_USB_Device_StartOfFrame
                0x0000000000007e8a                EVENT_USB_Device_Disconnect
                0x0000000000007e8a                EVENT_USB_Device_Reset
 .text.USB_USBTask
                0x0000000000007e8c       0x22 LUFA-111009/LUFA/Drivers/USB/Core/USBTask.o
                0x0000000000007e8c                USB_USBTask
 .text.avr-libc
                0x0000000000007eae       0x10 /usr/local/Cellar/avr-gcc/4.7.2/lib/gcc/avr/4.7.2/../../../../avr/lib/avr5/libc.a(eerd_byte_atmega32u4.o)
                0x0000000000007eae                __eerd_byte_m32u4
 .text.avr-libc
                0x0000000000007ebe       0x1c /usr/local/Cellar/avr-gcc/4.7.2/lib/gcc/avr/4.7.2/../../../../avr/lib/avr5/libc.a(eewr_byte_atmega32u4.o)
                0x0000000000007ebe                __eewr_byte_m32u4
                0x0000000000007ec0                __eewr_r18_m32u4
                0x0000000000007eda                . = ALIGN (0x2)
 *(.fini9)
 .fini9         0x0000000000007eda        0x0 /usr/local/Cellar/avr-gcc/4.7.2/lib/gcc/avr/4.7.2/avr5/libgcc.a(_exit.o)
                0x0000000000007eda                exit
                0x0000000000007eda                _exit
 *(.fini9)
 *(.fini8)
 *(.fini8)
 *(.fini7)
 *(.fini7)
 *(.fini6)
 *(.fini6)
 *(.fini5)
 *(.fini5)
 *(.fini4)
 *(.fini4)
 *(.fini3)
 *(.fini3)
 *(.fini2)
 *(.fini2)
 *(.fini1)
 *(.fini1)
 *(.fini0)
 .fini0         0x0000000000007eda        0x4 /usr/local/Cellar/avr-gcc/4.7.2/lib/gcc/avr/4.7.2/avr5/libgcc.a(_exit.o)
 *(.fini0)
                0x0000000000007ede                _etext = .

.data           0x0000000000800100       0xa6 load address 0x0000000000007ede
                0x0000000000800100                PROVIDE (__data_start, .)
 *(.data)
 .data          0x0000000000800100        0x0 /usr/local/Cellar/avr-gcc/4.7.2/lib/gcc/avr/4.7.2/../../../../avr/lib/avr5/crtm32u4.o
 .data          0x0000000000800100        0xa Caterina.o
                0x0000000000800100                bootKey
 .data          0x000000000080010a        0x0 Descriptors.o
 .data          0x000000000080010a        0x0 LUFA-111009/LUFA/Drivers/USB/Core/AVR8/Device_AVR8.o
 .data          0x000000000080010a        0x0 LUFA-111009/LUFA/Drivers/USB/Core/AVR8/Endpoint_AVR8.o
 .data          0x000000000080010a        0x0 LUFA-111009/LUFA/Drivers/USB/Core/AVR8/Host_AVR8.o
 .data          0x000000000080010a        0x0 LUFA-111009/LUFA/Drivers/USB/Core/AVR8/Pipe_AVR8.o
 .data          0x000000000080010a        0x0 LUFA-111009/LUFA/Drivers/USB/Core/AVR8/USBController_AVR8.o
 .data          0x000000000080010a        0x0 LUFA-111009/LUFA/Drivers/USB/Core/AVR8/USBInterrupt_AVR8.o
 .data          0x000000000080010a        0x0 LUFA-111009/LUFA/Drivers/USB/Core/AVR8/EndpointStream_AVR8.o
 .data          0x000000000080010a        0x0 LUFA-111009/LUFA/Drivers/USB/Core/AVR8/PipeStream_AVR8.o
 .data          0x000000000080010a        0x0 LUFA-111009/LUFA/Drivers/USB/Core/ConfigDescriptor.o
 .data          0x000000000080010a        0x0 LUFA-111009/LUFA/Drivers/USB/Core/DeviceStandardReq.o
 .data          0x000000000080010a        0x0 LUFA-111009/LUFA/Drivers/USB/Core/Events.o
 .data          0x000000000080010a        0x0 LUFA-111009/LUFA/Drivers/USB/Core/HostStandardReq.o
 .data          0x000000000080010a        0x0 LUFA-111009/LUFA/Drivers/USB/Core/USBTask.o
 .data          0x000000000080010a        0x0 LUFA-111009/LUFA/Drivers/USB/Class/Common/HIDParser.o
 .data          0x000000000080010a        0x0 /usr/local/Cellar/avr-gcc/4.7.2/lib/gcc/avr/4.7.2/avr5/libgcc.a(_exit.o)
 .data          0x000000000080010a        0x0 /usr/local/Cellar/avr-gcc/4.7.2/lib/gcc/avr/4.7.2/avr5/libgcc.a(_copy_data.o)
 .data          0x000000000080010a        0x0 /usr/local/Cellar/avr-gcc/4.7.2/lib/gcc/avr/4.7.2/avr5/libgcc.a(_clear_bss.o)
 .data          0x000000000080010a        0x0 /usr/local/Cellar/avr-gcc/4.7.2/lib/gcc/avr/4.7.2/../../../../avr/lib/avr5/libc.a(eerd_byte_atmega32u4.o)
 .data          0x000000000080010a        0x0 /usr/local/Cellar/avr-gcc/4.7.2/lib/gcc/avr/4.7.2/../../../../avr/lib/avr5/libc.a(eeupd_byte_atmega32u4.o)
 .data          0x000000000080010a        0x0 /usr/local/Cellar/avr-gcc/4.7.2/lib/gcc/avr/4.7.2/../../../../avr/lib/avr5/libc.a(eewr_byte_atmega32u4.o)
 *(.data*)
 *(.rodata)
 .rodata        0x000000000080010a       0x92 Descriptors.o
                0x000000000080010a                ManufNameString
                0x0000000000800124                ProductString
                0x0000000000800148                LanguageString
                0x000000000080014c                ConfigurationDescriptor
                0x000000000080018a                DeviceDescriptor
 *(.rodata*)
 .rodata.str1.1
                0x000000000080019c        0x9 Caterina.o
 *(.gnu.linkonce.d*)
                0x00000000008001a6                . = ALIGN (0x2)
 *fill*         0x00000000008001a5        0x1 
                0x00000000008001a6                _edata = .
                0x00000000008001a6                PROVIDE (__data_end, .)

.bss            0x00000000008001a6       0x16
                0x00000000008001a6                PROVIDE (__bss_start, .)
 *(.bss)
 .bss           0x00000000008001a6        0xa Caterina.o
                0x00000000008001a6                Timeout
                0x00000000008001a8                RxLEDPulse
                0x00000000008001aa                TxLEDPulse
 *(.bss*)
 *(COMMON)
 COMMON         0x00000000008001b0        0x2 Caterina.o
                0x00000000008001b0                LLEDPulse
 COMMON         0x00000000008001b2        0x1 LUFA-111009/LUFA/Drivers/USB/Core/DeviceStandardReq.o
                0x00000000008001b2                USB_Device_ConfigurationNumber
 COMMON         0x00000000008001b3        0x9 LUFA-111009/LUFA/Drivers/USB/Core/USBTask.o
                0x00000000008001b3                USB_IsInitialized
                0x00000000008001b4                USB_ControlRequest
                0x00000000008001bc                PROVIDE (__bss_end, .)
                0x0000000000007ede                __data_load_start = LOADADDR (.data)
                0x0000000000007f84                __data_load_end = (__data_load_start + SIZEOF (.data))

.noinit         0x00000000008001bc        0x0
                0x00000000008001bc                PROVIDE (__noinit_start, .)
 *(.noinit*)
                0x00000000008001bc                PROVIDE (__noinit_end, .)
                0x00000000008001bc                _end = .
                0x00000000008001bc                PROVIDE (__heap_start, .)

.eeprom         0x0000000000810000        0x0
 *(.eeprom*)
                0x0000000000810000                __eeprom_end = .

.fuse
 *(.fuse)
 *(.lfuse)
 *(.hfuse)
 *(.efuse)

.lock
 *(.lock*)

.signature
 *(.signature*)

.stab           0x0000000000000000      0x954
 *(.stab)
 .stab          0x0000000000000000      0x6cc /usr/local/Cellar/avr-gcc/4.7.2/lib/gcc/avr/4.7.2/../../../../avr/lib/avr5/crtm32u4.o
 .stab          0x00000000000006cc       0x90 /usr/local/Cellar/avr-gcc/4.7.2/lib/gcc/avr/4.7.2/../../../../avr/lib/avr5/libc.a(eerd_byte_atmega32u4.o)
                                         0x9c (size before relaxing)
 .stab          0x000000000000075c      0x114 /usr/local/Cellar/avr-gcc/4.7.2/lib/gcc/avr/4.7.2/../../../../avr/lib/avr5/libc.a(eeupd_byte_atmega32u4.o)
                                        0x120 (size before relaxing)
 .stab          0x0000000000000870       0xe4 /usr/local/Cellar/avr-gcc/4.7.2/lib/gcc/avr/4.7.2/../../../../avr/lib/avr5/libc.a(eewr_byte_atmega32u4.o)
                                         0xf0 (size before relaxing)

.stabstr        0x0000000000000000      0x196
 *(.stabstr)
 .stabstr       0x0000000000000000      0x196 /usr/local/Cellar/avr-gcc/4.7.2/lib/gcc/avr/4.7.2/../../../../avr/lib/avr5/crtm32u4.o

.stab.excl
 *(.stab.excl)

.stab.exclstr
 *(.stab.exclstr)

.stab.index
 *(.stab.index)

.stab.indexstr
 *(.stab.indexstr)

.comment        0x0000000000000000       0x11
 *(.comment)
 .comment       0x0000000000000000       0x11 Caterina.o
                                         0x12 (size before relaxing)
 .comment       0x0000000000000000       0x12 Descriptors.o
 .comment       0x0000000000000000       0x12 LUFA-111009/LUFA/Drivers/USB/Core/AVR8/Device_AVR8.o
 .comment       0x0000000000000000       0x12 LUFA-111009/LUFA/Drivers/USB/Core/AVR8/Endpoint_AVR8.o
 .comment       0x0000000000000000       0x12 LUFA-111009/LUFA/Drivers/USB/Core/AVR8/Host_AVR8.o
 .comment       0x0000000000000000       0x12 LUFA-111009/LUFA/Drivers/USB/Core/AVR8/Pipe_AVR8.o
 .comment       0x0000000000000000       0x12 LUFA-111009/LUFA/Drivers/USB/Core/AVR8/USBController_AVR8.o
 .comment       0x0000000000000000       0x12 LUFA-111009/LUFA/Drivers/USB/Core/AVR8/USBInterrupt_AVR8.o
 .comment       0x0000000000000000       0x12 LUFA-111009/LUFA/Drivers/USB/Core/AVR8/EndpointStream_AVR8.o
 .comment       0x0000000000000000       0x12 LUFA-111009/LUFA/Drivers/USB/Core/AVR8/PipeStream_AVR8.o
 .comment       0x0000000000000000       0x12 LUFA-111009/LUFA/Drivers/USB/Core/ConfigDescriptor.o
 .comment       0x0000000000000000       0x12 LUFA-111009/LUFA/Drivers/USB/Core/DeviceStandardReq.o
 .comment       0x0000000000000000       0x12 LUFA-111009/LUFA/Drivers/USB/Core/Events.o
 .comment       0x0000000000000000       0x12 LUFA-111009/LUFA/Drivers/USB/Core/HostStandardReq.o
 .comment       0x0000000000000000       0x12 LUFA-111009/LUFA/Drivers/USB/Core/USBTask.o
 .comment       0x0000000000000000       0x12 LUFA-111009/LUFA/Drivers/USB/Class/Common/HIDParser.o

.debug
 *(.debug)

.line
 *(.line)

.debug_srcinfo
 *(.debug_srcinfo)

.debug_sfnames
 *(.debug_sfnames)

.debug_aranges  0x0000000000000000      0x340
 *(.debug_aranges)
 .debug_aranges
                0x0000000000000000       0x68 Caterina.o
 .debug_aranges
                0x0000000000000068       0x20 Descriptors.o
 .debug_aranges
                0x0000000000000088       0x20 LUFA-111009/LUFA/Drivers/USB/Core/AVR8/Device_AVR8.o
 .debug_aranges
                0x00000000000000a8       0x38 LUFA-111009/LUFA/Drivers/USB/Core/AVR8/Endpoint_AVR8.o
 .debug_aranges
                0x00000000000000e0       0x30 LUFA-111009/LUFA/Drivers/USB/Core/AVR8/USBController_AVR8.o
 .debug_aranges
                0x0000000000000110       0x30 LUFA-111009/LUFA/Drivers/USB/Core/AVR8/USBInterrupt_AVR8.o
 .debug_aranges
                0x0000000000000140       0xc8 LUFA-111009/LUFA/Drivers/USB/Core/AVR8/EndpointStream_AVR8.o
 .debug_aranges
                0x0000000000000208       0x40 LUFA-111009/LUFA/Drivers/USB/Core/ConfigDescriptor.o
 .debug_aranges
                0x0000000000000248       0x20 LUFA-111009/LUFA/Drivers/USB/Core/DeviceStandardReq.o
 .debug_aranges
                0x0000000000000268       0x20 LUFA-111009/LUFA/Drivers/USB/Core/Events.o
 .debug_aranges
                0x0000000000000288       0x20 LUFA-111009/LUFA/Drivers/USB/Core/USBTask.o
 .debug_aranges
                0x00000000000002a8       0x38 LUFA-111009/LUFA/Drivers/USB/Class/Common/HIDParser.o
 .debug_aranges
                0x00000000000002e0       0x20 /usr/local/Cellar/avr-gcc/4.7.2/lib/gcc/avr/4.7.2/avr5/libgcc.a(_exit.o)
 .debug_aranges
                0x0000000000000300       0x20 /usr/local/Cellar/avr-gcc/4.7.2/lib/gcc/avr/4.7.2/avr5/libgcc.a(_copy_data.o)
 .debug_aranges
                0x0000000000000320       0x20 /usr/local/Cellar/avr-gcc/4.7.2/lib/gcc/avr/4.7.2/avr5/libgcc.a(_clear_bss.o)

.debug_pubnames
 *(.debug_pubnames)

.debug_info     0x0000000000000000     0x521c
 *(.debug_info)
 .debug_info    0x0000000000000000      0xdb8 Caterina.o
 .debug_info    0x0000000000000db8      0x657 Descriptors.o
 .debug_info    0x000000000000140f       0xd2 LUFA-111009/LUFA/Drivers/USB/Core/AVR8/Device_AVR8.o
 .debug_info    0x00000000000014e1      0x3e0 LUFA-111009/LUFA/Drivers/USB/Core/AVR8/Endpoint_AVR8.o
 .debug_info    0x00000000000018c1      0x488 LUFA-111009/LUFA/Drivers/USB/Core/AVR8/USBController_AVR8.o
 .debug_info    0x0000000000001d49      0x5e1 LUFA-111009/LUFA/Drivers/USB/Core/AVR8/USBInterrupt_AVR8.o
 .debug_info    0x000000000000232a     0x179c LUFA-111009/LUFA/Drivers/USB/Core/AVR8/EndpointStream_AVR8.o
 .debug_info    0x0000000000003ac6      0x3c9 LUFA-111009/LUFA/Drivers/USB/Core/ConfigDescriptor.o
 .debug_info    0x0000000000003e8f      0x801 LUFA-111009/LUFA/Drivers/USB/Core/DeviceStandardReq.o
 .debug_info    0x0000000000004690       0x78 LUFA-111009/LUFA/Drivers/USB/Core/Events.o
 .debug_info    0x0000000000004708      0x238 LUFA-111009/LUFA/Drivers/USB/Core/USBTask.o
 .debug_info    0x0000000000004940      0x738 LUFA-111009/LUFA/Drivers/USB/Class/Common/HIDParser.o
 .debug_info    0x0000000000005078       0x8c /usr/local/Cellar/avr-gcc/4.7.2/lib/gcc/avr/4.7.2/avr5/libgcc.a(_exit.o)
 .debug_info    0x0000000000005104       0x8c /usr/local/Cellar/avr-gcc/4.7.2/lib/gcc/avr/4.7.2/avr5/libgcc.a(_copy_data.o)
 .debug_info    0x0000000000005190       0x8c /usr/local/Cellar/avr-gcc/4.7.2/lib/gcc/avr/4.7.2/avr5/libgcc.a(_clear_bss.o)
 *(.gnu.linkonce.wi.*)

.debug_abbrev   0x0000000000000000     0x1480
 *(.debug_abbrev)
 .debug_abbrev  0x0000000000000000      0x3d3 Caterina.o
 .debug_abbrev  0x00000000000003d3      0x124 Descriptors.o
 .debug_abbrev  0x00000000000004f7       0x80 LUFA-111009/LUFA/Drivers/USB/Core/AVR8/Device_AVR8.o
 .debug_abbrev  0x0000000000000577      0x178 LUFA-111009/LUFA/Drivers/USB/Core/AVR8/Endpoint_AVR8.o
 .debug_abbrev  0x00000000000006ef      0x1ba LUFA-111009/LUFA/Drivers/USB/Core/AVR8/USBController_AVR8.o
 .debug_abbrev  0x00000000000008a9      0x1c3 LUFA-111009/LUFA/Drivers/USB/Core/AVR8/USBInterrupt_AVR8.o
 .debug_abbrev  0x0000000000000a6c      0x213 LUFA-111009/LUFA/Drivers/USB/Core/AVR8/EndpointStream_AVR8.o
 .debug_abbrev  0x0000000000000c7f      0x176 LUFA-111009/LUFA/Drivers/USB/Core/ConfigDescriptor.o
 .debug_abbrev  0x0000000000000df5      0x282 LUFA-111009/LUFA/Drivers/USB/Core/DeviceStandardReq.o
 .debug_abbrev  0x0000000000001077       0x44 LUFA-111009/LUFA/Drivers/USB/Core/Events.o
 .debug_abbrev  0x00000000000010bb      0x15e LUFA-111009/LUFA/Drivers/USB/Core/USBTask.o
 .debug_abbrev  0x0000000000001219      0x22b LUFA-111009/LUFA/Drivers/USB/Class/Common/HIDParser.o
 .debug_abbrev  0x0000000000001444       0x14 /usr/local/Cellar/avr-gcc/4.7.2/lib/gcc/avr/4.7.2/avr5/libgcc.a(_exit.o)
 .debug_abbrev  0x0000000000001458       0x14 /usr/local/Cellar/avr-gcc/4.7.2/lib/gcc/avr/4.7.2/avr5/libgcc.a(_copy_data.o)
 .debug_abbrev  0x000000000000146c       0x14 /usr/local/Cellar/avr-gcc/4.7.2/lib/gcc/avr/4.7.2/avr5/libgcc.a(_clear_bss.o)

.debug_line     0x0000000000000000     0x272c
 *(.debug_line)
 .debug_line    0x0000000000000000      0x51c Caterina.o
 .debug_line    0x000000000000051c      0x183 Descriptors.o
 .debug_line    0x000000000000069f      0x12c LUFA-111009/LUFA/Drivers/USB/Core/AVR8/Device_AVR8.o
 .debug_line    0x00000000000007cb      0x2d1 LUFA-111009/LUFA/Drivers/USB/Core/AVR8/Endpoint_AVR8.o
 .debug_line    0x0000000000000a9c        0x0 LUFA-111009/LUFA/Drivers/USB/Core/AVR8/Host_AVR8.o
 .debug_line    0x0000000000000a9c        0x0 LUFA-111009/LUFA/Drivers/USB/Core/AVR8/Pipe_AVR8.o
 .debug_line    0x0000000000000a9c      0x268 LUFA-111009/LUFA/Drivers/USB/Core/AVR8/USBController_AVR8.o
 .debug_line    0x0000000000000d04      0x389 LUFA-111009/LUFA/Drivers/USB/Core/AVR8/USBInterrupt_AVR8.o
 .debug_line    0x000000000000108d      0xc9c LUFA-111009/LUFA/Drivers/USB/Core/AVR8/EndpointStream_AVR8.o
 .debug_line    0x0000000000001d29        0x0 LUFA-111009/LUFA/Drivers/USB/Core/AVR8/PipeStream_AVR8.o
 .debug_line    0x0000000000001d29      0x18c LUFA-111009/LUFA/Drivers/USB/Core/ConfigDescriptor.o
 .debug_line    0x0000000000001eb5      0x309 LUFA-111009/LUFA/Drivers/USB/Core/DeviceStandardReq.o
 .debug_line    0x00000000000021be       0x5a LUFA-111009/LUFA/Drivers/USB/Core/Events.o
 .debug_line    0x0000000000002218        0x0 LUFA-111009/LUFA/Drivers/USB/Core/HostStandardReq.o
 .debug_line    0x0000000000002218      0x177 LUFA-111009/LUFA/Drivers/USB/Core/USBTask.o
 .debug_line    0x000000000000238f      0x27d LUFA-111009/LUFA/Drivers/USB/Class/Common/HIDParser.o
 .debug_line    0x000000000000260c       0x5b /usr/local/Cellar/avr-gcc/4.7.2/lib/gcc/avr/4.7.2/avr5/libgcc.a(_exit.o)
 .debug_line    0x0000000000002667       0x64 /usr/local/Cellar/avr-gcc/4.7.2/lib/gcc/avr/4.7.2/avr5/libgcc.a(_copy_data.o)
 .debug_line    0x00000000000026cb       0x61 /usr/local/Cellar/avr-gcc/4.7.2/lib/gcc/avr/4.7.2/avr5/libgcc.a(_clear_bss.o)

.debug_frame    0x0000000000000000      0xa6c
 *(.debug_frame)
 .debug_frame   0x0000000000000000      0x140 Caterina.o
 .debug_frame   0x0000000000000140       0x24 Descriptors.o
 .debug_frame   0x0000000000000164       0x24 LUFA-111009/LUFA/Drivers/USB/Core/AVR8/Device_AVR8.o
 .debug_frame   0x0000000000000188       0x54 LUFA-111009/LUFA/Drivers/USB/Core/AVR8/Endpoint_AVR8.o
 .debug_frame   0x00000000000001dc       0x5c LUFA-111009/LUFA/Drivers/USB/Core/AVR8/USBController_AVR8.o
 .debug_frame   0x0000000000000238       0x98 LUFA-111009/LUFA/Drivers/USB/Core/AVR8/USBInterrupt_AVR8.o
 .debug_frame   0x00000000000002d0      0x4a4 LUFA-111009/LUFA/Drivers/USB/Core/AVR8/EndpointStream_AVR8.o
 .debug_frame   0x0000000000000774      0x124 LUFA-111009/LUFA/Drivers/USB/Core/ConfigDescriptor.o
 .debug_frame   0x0000000000000898       0x50 LUFA-111009/LUFA/Drivers/USB/Core/DeviceStandardReq.o
 .debug_frame   0x00000000000008e8       0x24 LUFA-111009/LUFA/Drivers/USB/Core/Events.o
 .debug_frame   0x000000000000090c       0x2c LUFA-111009/LUFA/Drivers/USB/Core/USBTask.o
 .debug_frame   0x0000000000000938      0x134 LUFA-111009/LUFA/Drivers/USB/Class/Common/HIDParser.o

.debug_str      0x0000000000000000     0x2387
 *(.debug_str)
 .debug_str     0x0000000000000000      0x794 Caterina.o
                                        0x833 (size before relaxing)
 .debug_str     0x0000000000000794      0x62a Descriptors.o
                                        0x797 (size before relaxing)
 .debug_str     0x0000000000000dbe       0x7d LUFA-111009/LUFA/Drivers/USB/Core/AVR8/Device_AVR8.o
                                        0x177 (size before relaxing)
 .debug_str     0x0000000000000e3b      0x23d LUFA-111009/LUFA/Drivers/USB/Core/AVR8/Endpoint_AVR8.o
                                        0x4cb (size before relaxing)
 .debug_str     0x0000000000001078      0x238 LUFA-111009/LUFA/Drivers/USB/Core/AVR8/USBController_AVR8.o
                                        0x48b (size before relaxing)
 .debug_str     0x00000000000012b0      0x134 LUFA-111009/LUFA/Drivers/USB/Core/AVR8/USBInterrupt_AVR8.o
                                        0x481 (size before relaxing)
 .debug_str     0x00000000000013e4      0x49f LUFA-111009/LUFA/Drivers/USB/Core/AVR8/EndpointStream_AVR8.o
                                        0x7d6 (size before relaxing)
 .debug_str     0x0000000000001883      0x22c LUFA-111009/LUFA/Drivers/USB/Core/ConfigDescriptor.o
                                        0x35e (size before relaxing)
 .debug_str     0x0000000000001aaf      0x38a LUFA-111009/LUFA/Drivers/USB/Core/DeviceStandardReq.o
                                        0x739 (size before relaxing)
 .debug_str     0x0000000000001e39       0x3a LUFA-111009/LUFA/Drivers/USB/Core/Events.o
                                        0x11d (size before relaxing)
 .debug_str     0x0000000000001e73       0x64 LUFA-111009/LUFA/Drivers/USB/Core/USBTask.o
                                        0x2d7 (size before relaxing)
 .debug_str     0x0000000000001ed7      0x4b0 LUFA-111009/LUFA/Drivers/USB/Class/Common/HIDParser.o
                                        0x63b (size before relaxing)

.debug_loc      0x0000000000000000     0x3ab6
 *(.debug_loc)
 .debug_loc     0x0000000000000000      0x4f9 Caterina.o
 .debug_loc     0x00000000000004f9      0x17f Descriptors.o
 .debug_loc     0x0000000000000678      0x108 LUFA-111009/LUFA/Drivers/USB/Core/AVR8/Endpoint_AVR8.o
 .debug_loc     0x0000000000000780       0x49 LUFA-111009/LUFA/Drivers/USB/Core/AVR8/USBController_AVR8.o
 .debug_loc     0x00000000000007c9      0x1e3 LUFA-111009/LUFA/Drivers/USB/Core/AVR8/USBInterrupt_AVR8.o
 .debug_loc     0x00000000000009ac     0x1f31 LUFA-111009/LUFA/Drivers/USB/Core/AVR8/EndpointStream_AVR8.o
 .debug_loc     0x00000000000028dd      0x5bd LUFA-111009/LUFA/Drivers/USB/Core/ConfigDescriptor.o
 .debug_loc     0x0000000000002e9a      0x232 LUFA-111009/LUFA/Drivers/USB/Core/DeviceStandardReq.o
 .debug_loc     0x00000000000030cc       0x49 LUFA-111009/LUFA/Drivers/USB/Core/USBTask.o
 .debug_loc     0x0000000000003115      0x9a1 LUFA-111009/LUFA/Drivers/USB/Class/Common/HIDParser.o

.debug_macinfo
 *(.debug_macinfo)

.debug_pubtypes
 *(.debug_pubtypes)

.debug_ranges   0x0000000000000000      0x4e8
 *(.debug_ranges)
 .debug_ranges  0x0000000000000000       0x58 Caterina.o
 .debug_ranges  0x0000000000000058       0x10 Descriptors.o
 .debug_ranges  0x0000000000000068       0x10 LUFA-111009/LUFA/Drivers/USB/Core/AVR8/Device_AVR8.o
 .debug_ranges  0x0000000000000078       0x28 LUFA-111009/LUFA/Drivers/USB/Core/AVR8/Endpoint_AVR8.o
 .debug_ranges  0x00000000000000a0       0x20 LUFA-111009/LUFA/Drivers/USB/Core/AVR8/USBController_AVR8.o
 .debug_ranges  0x00000000000000c0       0x20 LUFA-111009/LUFA/Drivers/USB/Core/AVR8/USBInterrupt_AVR8.o
 .debug_ranges  0x00000000000000e0      0x2c8 LUFA-111009/LUFA/Drivers/USB/Core/AVR8/EndpointStream_AVR8.o
 .debug_ranges  0x00000000000003a8       0x30 LUFA-111009/LUFA/Drivers/USB/Core/ConfigDescriptor.o
 .debug_ranges  0x00000000000003d8       0x28 LUFA-111009/LUFA/Drivers/USB/Core/DeviceStandardReq.o
 .debug_ranges  0x0000000000000400       0x10 LUFA-111009/LUFA/Drivers/USB/Core/Events.o
 .debug_ranges  0x0000000000000410       0x10 LUFA-111009/LUFA/Drivers/USB/Core/USBTask.o
 .debug_ranges  0x0000000000000420       0xc8 LUFA-111009/LUFA/Drivers/USB/Class/Common/HIDParser.o

.debug_macro
 *(.debug_macro)
OUTPUT(Caterina.elf elf32-avr)
LOAD linker stubs

Cross Reference Table

Symbol                                            File
CALLBACK_HIDParser_FilterHIDReportItem            LUFA-111009/LUFA/Drivers/USB/Class/Common/HIDParser.o
CALLBACK_USB_GetDescriptor                        Descriptors.o
                                                  LUFA-111009/LUFA/Drivers/USB/Core/DeviceStandardReq.o
CDC_Task                                          Caterina.o
ConfigurationDescriptor                           Descriptors.o
DeviceDescriptor                                  Descriptors.o
EVENT_USB_Device_ConfigurationChanged             Caterina.o
                                                  LUFA-111009/LUFA/Drivers/USB/Core/DeviceStandardReq.o
EVENT_USB_Device_Connect                          LUFA-111009/LUFA/Drivers/USB/Core/Events.o
                                                  LUFA-111009/LUFA/Drivers/USB/Core/AVR8/USBInterrupt_AVR8.o
EVENT_USB_Device_ControlRequest                   Caterina.o
                                                  LUFA-111009/LUFA/Drivers/USB/Core/DeviceStandardReq.o
EVENT_USB_Device_Disconnect                       LUFA-111009/LUFA/Drivers/USB/Core/Events.o
                                                  LUFA-111009/LUFA/Drivers/USB/Core/AVR8/USBInterrupt_AVR8.o
EVENT_USB_Device_Reset                            LUFA-111009/LUFA/Drivers/USB/Core/Events.o
                                                  LUFA-111009/LUFA/Drivers/USB/Core/AVR8/USBInterrupt_AVR8.o
EVENT_USB_Device_StartOfFrame                     LUFA-111009/LUFA/Drivers/USB/Core/Events.o
EVENT_USB_Device_Suspend                          LUFA-111009/LUFA/Drivers/USB/Core/Events.o
                                                  LUFA-111009/LUFA/Drivers/USB/Core/AVR8/USBInterrupt_AVR8.o
EVENT_USB_Device_WakeUp                           LUFA-111009/LUFA/Drivers/USB/Core/Events.o
                                                  LUFA-111009/LUFA/Drivers/USB/Core/AVR8/USBInterrupt_AVR8.o
Endpoint_ClearEndpoints                           LUFA-111009/LUFA/Drivers/USB/Core/AVR8/Endpoint_AVR8.o
Endpoint_ClearStatusStage                         LUFA-111009/LUFA/Drivers/USB/Core/AVR8/Endpoint_AVR8.o
                                                  LUFA-111009/LUFA/Drivers/USB/Core/DeviceStandardReq.o
Endpoint_ConfigureEndpoint_Prv                    LUFA-111009/LUFA/Drivers/USB/Core/AVR8/Endpoint_AVR8.o
                                                  LUFA-111009/LUFA/Drivers/USB/Core/AVR8/USBInterrupt_AVR8.o
                                                  LUFA-111009/LUFA/Drivers/USB/Core/AVR8/USBController_AVR8.o
                                                  Caterina.o
Endpoint_Discard_Stream                           LUFA-111009/LUFA/Drivers/USB/Core/AVR8/EndpointStream_AVR8.o
Endpoint_Null_Stream                              LUFA-111009/LUFA/Drivers/USB/Core/AVR8/EndpointStream_AVR8.o
Endpoint_Read_Control_EStream_BE                  LUFA-111009/LUFA/Drivers/USB/Core/AVR8/EndpointStream_AVR8.o
Endpoint_Read_Control_EStream_LE                  LUFA-111009/LUFA/Drivers/USB/Core/AVR8/EndpointStream_AVR8.o
Endpoint_Read_Control_Stream_BE                   LUFA-111009/LUFA/Drivers/USB/Core/AVR8/EndpointStream_AVR8.o
Endpoint_Read_Control_Stream_LE                   LUFA-111009/LUFA/Drivers/USB/Core/AVR8/EndpointStream_AVR8.o
                                                  Caterina.o
Endpoint_Read_EStream_BE                          LUFA-111009/LUFA/Drivers/USB/Core/AVR8/EndpointStream_AVR8.o
Endpoint_Read_EStream_LE                          LUFA-111009/LUFA/Drivers/USB/Core/AVR8/EndpointStream_AVR8.o
Endpoint_Read_Stream_BE                           LUFA-111009/LUFA/Drivers/USB/Core/AVR8/EndpointStream_AVR8.o
Endpoint_Read_Stream_LE                           LUFA-111009/LUFA/Drivers/USB/Core/AVR8/EndpointStream_AVR8.o
Endpoint_WaitUntilReady                           LUFA-111009/LUFA/Drivers/USB/Core/AVR8/Endpoint_AVR8.o
                                                  LUFA-111009/LUFA/Drivers/USB/Core/AVR8/EndpointStream_AVR8.o
Endpoint_Write_Control_EStream_BE                 LUFA-111009/LUFA/Drivers/USB/Core/AVR8/EndpointStream_AVR8.o
Endpoint_Write_Control_EStream_LE                 LUFA-111009/LUFA/Drivers/USB/Core/AVR8/EndpointStream_AVR8.o
Endpoint_Write_Control_PStream_BE                 LUFA-111009/LUFA/Drivers/USB/Core/AVR8/EndpointStream_AVR8.o
Endpoint_Write_Control_PStream_LE                 LUFA-111009/LUFA/Drivers/USB/Core/AVR8/EndpointStream_AVR8.o
Endpoint_Write_Control_Stream_BE                  LUFA-111009/LUFA/Drivers/USB/Core/AVR8/EndpointStream_AVR8.o
Endpoint_Write_Control_Stream_LE                  LUFA-111009/LUFA/Drivers/USB/Core/AVR8/EndpointStream_AVR8.o
                                                  LUFA-111009/LUFA/Drivers/USB/Core/DeviceStandardReq.o
                                                  Caterina.o
Endpoint_Write_EStream_BE                         LUFA-111009/LUFA/Drivers/USB/Core/AVR8/EndpointStream_AVR8.o
Endpoint_Write_EStream_LE                         LUFA-111009/LUFA/Drivers/USB/Core/AVR8/EndpointStream_AVR8.o
Endpoint_Write_PStream_BE                         LUFA-111009/LUFA/Drivers/USB/Core/AVR8/EndpointStream_AVR8.o
Endpoint_Write_PStream_LE                         LUFA-111009/LUFA/Drivers/USB/Core/AVR8/EndpointStream_AVR8.o
Endpoint_Write_Stream_BE                          LUFA-111009/LUFA/Drivers/USB/Core/AVR8/EndpointStream_AVR8.o
Endpoint_Write_Stream_LE                          LUFA-111009/LUFA/Drivers/USB/Core/AVR8/EndpointStream_AVR8.o
LEDPulse                                          Caterina.o
LLEDPulse                                         Caterina.o
LanguageString                                    Descriptors.o
ManufNameString                                   Descriptors.o
ProductString                                     Descriptors.o
RxLEDPulse                                        Caterina.o
SetupHardware                                     Caterina.o
StartSketch                                       Caterina.o
Timeout                                           Caterina.o
TxLEDPulse                                        Caterina.o
USB_ControlRequest                                LUFA-111009/LUFA/Drivers/USB/Core/USBTask.o
                                                  LUFA-111009/LUFA/Drivers/USB/Core/DeviceStandardReq.o
                                                  LUFA-111009/LUFA/Drivers/USB/Core/AVR8/EndpointStream_AVR8.o
                                                  LUFA-111009/LUFA/Drivers/USB/Core/AVR8/Endpoint_AVR8.o
                                                  Caterina.o
USB_Device_ConfigurationNumber                    LUFA-111009/LUFA/Drivers/USB/Core/DeviceStandardReq.o
                                                  LUFA-111009/LUFA/Drivers/USB/Core/AVR8/USBInterrupt_AVR8.o
                                                  LUFA-111009/LUFA/Drivers/USB/Core/AVR8/USBController_AVR8.o
USB_Device_ProcessControlRequest                  LUFA-111009/LUFA/Drivers/USB/Core/DeviceStandardReq.o
                                                  LUFA-111009/LUFA/Drivers/USB/Core/USBTask.o
USB_Device_SendRemoteWakeup                       LUFA-111009/LUFA/Drivers/USB/Core/AVR8/Device_AVR8.o
USB_Disable                                       LUFA-111009/LUFA/Drivers/USB/Core/AVR8/USBController_AVR8.o
USB_Event_Stub                                    LUFA-111009/LUFA/Drivers/USB/Core/Events.o
USB_GetHIDReportItemInfo                          LUFA-111009/LUFA/Drivers/USB/Class/Common/HIDParser.o
USB_GetHIDReportSize                              LUFA-111009/LUFA/Drivers/USB/Class/Common/HIDParser.o
USB_GetNextDescriptorComp                         LUFA-111009/LUFA/Drivers/USB/Core/ConfigDescriptor.o
USB_GetNextDescriptorOfType                       LUFA-111009/LUFA/Drivers/USB/Core/ConfigDescriptor.o
USB_GetNextDescriptorOfTypeAfter                  LUFA-111009/LUFA/Drivers/USB/Core/ConfigDescriptor.o
USB_GetNextDescriptorOfTypeBefore                 LUFA-111009/LUFA/Drivers/USB/Core/ConfigDescriptor.o
USB_INT_ClearAllInterrupts                        LUFA-111009/LUFA/Drivers/USB/Core/AVR8/USBInterrupt_AVR8.o
                                                  LUFA-111009/LUFA/Drivers/USB/Core/AVR8/USBController_AVR8.o
USB_INT_DisableAllInterrupts                      LUFA-111009/LUFA/Drivers/USB/Core/AVR8/USBInterrupt_AVR8.o
                                                  LUFA-111009/LUFA/Drivers/USB/Core/AVR8/USBController_AVR8.o
USB_Init                                          LUFA-111009/LUFA/Drivers/USB/Core/AVR8/USBController_AVR8.o
                                                  Caterina.o
USB_IsInitialized                                 LUFA-111009/LUFA/Drivers/USB/Core/USBTask.o
                                                  LUFA-111009/LUFA/Drivers/USB/Core/AVR8/USBController_AVR8.o
USB_ProcessHIDReport                              LUFA-111009/LUFA/Drivers/USB/Class/Common/HIDParser.o
USB_ResetInterface                                LUFA-111009/LUFA/Drivers/USB/Core/AVR8/USBController_AVR8.o
USB_SetHIDReportItemInfo                          LUFA-111009/LUFA/Drivers/USB/Class/Common/HIDParser.o
USB_USBTask                                       LUFA-111009/LUFA/Drivers/USB/Core/USBTask.o
                                                  LUFA-111009/LUFA/Drivers/USB/Core/AVR8/EndpointStream_AVR8.o
                                                  Caterina.o
__bad_interrupt                                   /usr/local/Cellar/avr-gcc/4.7.2/lib/gcc/avr/4.7.2/../../../../avr/lib/avr5/crtm32u4.o
__bss_end                                         /usr/local/Cellar/avr-gcc/4.7.2/lib/gcc/avr/4.7.2/avr5/libgcc.a(_clear_bss.o)
__bss_start                                       /usr/local/Cellar/avr-gcc/4.7.2/lib/gcc/avr/4.7.2/avr5/libgcc.a(_clear_bss.o)
__data_end                                        /usr/local/Cellar/avr-gcc/4.7.2/lib/gcc/avr/4.7.2/avr5/libgcc.a(_copy_data.o)
__data_load_start                                 /usr/local/Cellar/avr-gcc/4.7.2/lib/gcc/avr/4.7.2/avr5/libgcc.a(_copy_data.o)
__data_start                                      /usr/local/Cellar/avr-gcc/4.7.2/lib/gcc/avr/4.7.2/avr5/libgcc.a(_copy_data.o)
__do_clear_bss                                    /usr/local/Cellar/avr-gcc/4.7.2/lib/gcc/avr/4.7.2/avr5/libgcc.a(_clear_bss.o)
                                                  LUFA-111009/LUFA/Drivers/USB/Core/USBTask.o
                                                  LUFA-111009/LUFA/Drivers/USB/Core/DeviceStandardReq.o
                                                  Caterina.o
__do_copy_data                                    /usr/local/Cellar/avr-gcc/4.7.2/lib/gcc/avr/4.7.2/avr5/libgcc.a(_copy_data.o)
                                                  Descriptors.o
                                                  Caterina.o
__eerd_byte_m32u4                                 /usr/local/Cellar/avr-gcc/4.7.2/lib/gcc/avr/4.7.2/../../../../avr/lib/avr5/libc.a(eerd_byte_atmega32u4.o)
                                                  LUFA-111009/LUFA/Drivers/USB/Core/AVR8/EndpointStream_AVR8.o
                                                  Caterina.o
__eeupd_byte_m32u4                                /usr/local/Cellar/avr-gcc/4.7.2/lib/gcc/avr/4.7.2/../../../../avr/lib/avr5/libc.a(eeupd_byte_atmega32u4.o)
                                                  LUFA-111009/LUFA/Drivers/USB/Core/AVR8/EndpointStream_AVR8.o
__eeupd_r18_m32u4                                 /usr/local/Cellar/avr-gcc/4.7.2/lib/gcc/avr/4.7.2/../../../../avr/lib/avr5/libc.a(eeupd_byte_atmega32u4.o)
__eewr_byte_m32u4                                 /usr/local/Cellar/avr-gcc/4.7.2/lib/gcc/avr/4.7.2/../../../../avr/lib/avr5/libc.a(eewr_byte_atmega32u4.o)
                                                  Caterina.o
__eewr_r18_m32u4                                  /usr/local/Cellar/avr-gcc/4.7.2/lib/gcc/avr/4.7.2/../../../../avr/lib/avr5/libc.a(eewr_byte_atmega32u4.o)
__heap_end                                        /usr/local/Cellar/avr-gcc/4.7.2/lib/gcc/avr/4.7.2/../../../../avr/lib/avr5/crtm32u4.o
__init                                            /usr/local/Cellar/avr-gcc/4.7.2/lib/gcc/avr/4.7.2/../../../../avr/lib/avr5/crtm32u4.o
__stack                                           /usr/local/Cellar/avr-gcc/4.7.2/lib/gcc/avr/4.7.2/../../../../avr/lib/avr5/crtm32u4.o
__vector_1                                        /usr/local/Cellar/avr-gcc/4.7.2/lib/gcc/avr/4.7.2/../../../../avr/lib/avr5/crtm32u4.o
__vector_10                                       LUFA-111009/LUFA/Drivers/USB/Core/AVR8/USBInterrupt_AVR8.o
                                                  /usr/local/Cellar/avr-gcc/4.7.2/lib/gcc/avr/4.7.2/../../../../avr/lib/avr5/crtm32u4.o
__vector_11                                       /usr/local/Cellar/avr-gcc/4.7.2/lib/gcc/avr/4.7.2/../../../../avr/lib/avr5/crtm32u4.o
__vector_12                                       /usr/local/Cellar/avr-gcc/4.7.2/lib/gcc/avr/4.7.2/../../../../avr/lib/avr5/crtm32u4.o
__vector_13                                       /usr/local/Cellar/avr-gcc/4.7.2/lib/gcc/avr/4.7.2/../../../../avr/lib/avr5/crtm32u4.o
__vector_14                                       /usr/local/Cellar/avr-gcc/4.7.2/lib/gcc/avr/4.7.2/../../../../avr/lib/avr5/crtm32u4.o
__vector_15                                       /usr/local/Cellar/avr-gcc/4.7.2/lib/gcc/avr/4.7.2/../../../../avr/lib/avr5/crtm32u4.o
__vector_16                                       /usr/local/Cellar/avr-gcc/4.7.2/lib/gcc/avr/4.7.2/../../../../avr/lib/avr5/crtm32u4.o
__vector_17                                       Caterina.o
                                                  /usr/local/Cellar/avr-gcc/4.7.2/lib/gcc/avr/4.7.2/../../../../avr/lib/avr5/crtm32u4.o
__vector_18                                       /usr/local/Cellar/avr-gcc/4.7.2/lib/gcc/avr/4.7.2/../../../../avr/lib/avr5/crtm32u4.o
__vector_19                                       /usr/local/Cellar/avr-gcc/4.7.2/lib/gcc/avr/4.7.2/../../../../avr/lib/avr5/crtm32u4.o
__vector_2                                        /usr/local/Cellar/avr-gcc/4.7.2/lib/gcc/avr/4.7.2/../../../../avr/lib/avr5/crtm32u4.o
__vector_20                                       /usr/local/Cellar/avr-gcc/4.7.2/lib/gcc/avr/4.7.2/../../../../avr/lib/avr5/crtm32u4.o
__vector_21                                       /usr/local/Cellar/avr-gcc/4.7.2/lib/gcc/avr/4.7.2/../../../../avr/lib/avr5/crtm32u4.o
__vector_22                                       /usr/local/Cellar/avr-gcc/4.7.2/lib/gcc/avr/4.7.2/../../../../avr/lib/avr5/crtm32u4.o
__vector_23                                       /usr/local/Cellar/avr-gcc/4.7.2/lib/gcc/avr/4.7.2/../../../../avr/lib/avr5/crtm32u4.o
__vector_24                                       /usr/local/Cellar/avr-gcc/4.7.2/lib/gcc/avr/4.7.2/../../../../avr/lib/avr5/crtm32u4.o
__vector_25                                       /usr/local/Cellar/avr-gcc/4.7.2/lib/gcc/avr/4.7.2/../../../../avr/lib/avr5/crtm32u4.o
__vector_26                                       /usr/local/Cellar/avr-gcc/4.7.2/lib/gcc/avr/4.7.2/../../../../avr/lib/avr5/crtm32u4.o
__vector_27                                       /usr/local/Cellar/avr-gcc/4.7.2/lib/gcc/avr/4.7.2/../../../../avr/lib/avr5/crtm32u4.o
__vector_28                                       /usr/local/Cellar/avr-gcc/4.7.2/lib/gcc/avr/4.7.2/../../../../avr/lib/avr5/crtm32u4.o
__vector_29                                       /usr/local/Cellar/avr-gcc/4.7.2/lib/gcc/avr/4.7.2/../../../../avr/lib/avr5/crtm32u4.o
__vector_3                                        /usr/local/Cellar/avr-gcc/4.7.2/lib/gcc/avr/4.7.2/../../../../avr/lib/avr5/crtm32u4.o
__vector_30                                       /usr/local/Cellar/avr-gcc/4.7.2/lib/gcc/avr/4.7.2/../../../../avr/lib/avr5/crtm32u4.o
__vector_31                                       /usr/local/Cellar/avr-gcc/4.7.2/lib/gcc/avr/4.7.2/../../../../avr/lib/avr5/crtm32u4.o
__vector_32                                       /usr/local/Cellar/avr-gcc/4.7.2/lib/gcc/avr/4.7.2/../../../../avr/lib/avr5/crtm32u4.o
__vector_33                                       /usr/local/Cellar/avr-gcc/4.7.2/lib/gcc/avr/4.7.2/../../../../avr/lib/avr5/crtm32u4.o
__vector_34                                       /usr/local/Cellar/avr-gcc/4.7.2/lib/gcc/avr/4.7.2/../../../../avr/lib/avr5/crtm32u4.o
__vector_35                                       /usr/local/Cellar/avr-gcc/4.7.2/lib/gcc/avr/4.7.2/../../../../avr/lib/avr5/crtm32u4.o
__vector_36                                       /usr/local/Cellar/avr-gcc/4.7.2/lib/gcc/avr/4.7.2/../../../../avr/lib/avr5/crtm32u4.o
__vector_37                                       /usr/local/Cellar/avr-gcc/4.7.2/lib/gcc/avr/4.7.2/../../../../avr/lib/avr5/crtm32u4.o
__vector_38                                       /usr/local/Cellar/avr-gcc/4.7.2/lib/gcc/avr/4.7.2/../../../../avr/lib/avr5/crtm32u4.o
__vector_39                                       /usr/local/Cellar/avr-gcc/4.7.2/lib/gcc/avr/4.7.2/../../../../avr/lib/avr5/crtm32u4.o
__vector_4                                        /usr/local/Cellar/avr-gcc/4.7.2/lib/gcc/avr/4.7.2/../../../../avr/lib/avr5/crtm32u4.o
__vector_40                                       /usr/local/Cellar/avr-gcc/4.7.2/lib/gcc/avr/4.7.2/../../../../avr/lib/avr5/crtm32u4.o
__vector_41                                       /usr/local/Cellar/avr-gcc/4.7.2/lib/gcc/avr/4.7.2/../../../../avr/lib/avr5/crtm32u4.o
__vector_42                                       /usr/local/Cellar/avr-gcc/4.7.2/lib/gcc/avr/4.7.2/../../../../avr/lib/avr5/crtm32u4.o
__vector_5                                        /usr/local/Cellar/avr-gcc/4.7.2/lib/gcc/avr/4.7.2/../../../../avr/lib/avr5/crtm32u4.o
__vector_6                                        /usr/local/Cellar/avr-gcc/4.7.2/lib/gcc/avr/4.7.2/../../../../avr/lib/avr5/crtm32u4.o
__vector_7                                        /usr/local/Cellar/avr-gcc/4.7.2/lib/gcc/avr/4.7.2/../../../../avr/lib/avr5/crtm32u4.o
__vector_8                                        /usr/local/Cellar/avr-gcc/4.7.2/lib/gcc/avr/4.7.2/../../../../avr/lib/avr5/crtm32u4.o
__vector_9                                        /usr/local/Cellar/avr-gcc/4.7.2/lib/gcc/avr/4.7.2/../../../../avr/lib/avr5/crtm32u4.o
__vector_default                                  /usr/local/Cellar/avr-gcc/4.7.2/lib/gcc/avr/4.7.2/../../../../avr/lib/avr5/crtm32u4.o
__vectors                                         /usr/local/Cellar/avr-gcc/4.7.2/lib/gcc/avr/4.7.2/../../../../avr/lib/avr5/crtm32u4.o
_exit                                             /usr/local/Cellar/avr-gcc/4.7.2/lib/gcc/avr/4.7.2/avr5/libgcc.a(_exit.o)
bootKey                                           Caterina.o
bootKeyPtr                                        Caterina.o
exit                                              /usr/local/Cellar/avr-gcc/4.7.2/lib/gcc/avr/4.7.2/avr5/libgcc.a(_exit.o)
                                                  /usr/local/Cellar/avr-gcc/4.7.2/lib/gcc/avr/4.7.2/../../../../avr/lib/avr5/crtm32u4.o
main                                              Caterina.o
                                                  /usr/local/Cellar/avr-gcc/4.7.2/lib/gcc/avr/4.7.2/../../../../avr/lib/avr5/crtm32u4.o
